// Jest Snapshot v1, https://goo.gl/fbAQLP

exports[`CdsFile snapshot 1`] = `
<div>
  <cds-file
    cds-control=""
  >
    <label>
      label
    </label>
    <input
      multiple=""
      type="file"
    />
  </cds-file>
</div>
`;
