// Jest Snapshot v1, https://goo.gl/fbAQLP

exports[`CdsTextarea snapshot 1`] = `
<div>
  <h3>
    Vertical
  </h3>
  <CdsFormGroup
    layout="vertical"
  >
    <CdsFormGroup
      l={null}
      layout="vertical"
    >
      <cds-form-group
        l={null}
      >
        <CdsTextarea
          layout="vertical"
        >
          <CdsTextarea
            l={null}
            layout="vertical"
          >
            <cds-textarea
              l={null}
              layout="vertical"
            >
              <label>
                label
              </label>
              <textarea />
              <CdsControlMessage>
                <CdsControlMessage
                  l={null}
                >
                  <cds-control-message
                    l={null}
                  >
                    message text
                  </cds-control-message>
                </CdsControlMessage>
              </CdsControlMessage>
            </cds-textarea>
          </CdsTextarea>
        </CdsTextarea>
        <CdsTextarea
          layout="vertical"
          status="error"
        >
          <CdsTextarea
            l={null}
            layout="vertical"
            status="error"
          >
            <cds-textarea
              l={null}
              layout="vertical"
            >
              <label>
                error status
              </label>
              <textarea />
              <CdsControlMessage
                status="error"
              >
                <CdsControlMessage
                  l={null}
                  status="error"
                >
                  <cds-control-message
                    l={null}
                  >
                    error message
                  </cds-control-message>
                </CdsControlMessage>
              </CdsControlMessage>
            </cds-textarea>
          </CdsTextarea>
        </CdsTextarea>
        <CdsTextarea
          layout="vertical"
          status="success"
        >
          <CdsTextarea
            l={null}
            layout="vertical"
            status="success"
          >
            <cds-textarea
              l={null}
              layout="vertical"
            >
              <label>
                success status
              </label>
              <textarea />
              <CdsControlMessage
                status="success"
              >
                <CdsControlMessage
                  l={null}
                  status="success"
                >
                  <cds-control-message
                    l={null}
                  >
                    success message
                  </cds-control-message>
                </CdsControlMessage>
              </CdsControlMessage>
            </cds-textarea>
          </CdsTextarea>
        </CdsTextarea>
      </cds-form-group>
    </CdsFormGroup>
  </CdsFormGroup>
  <h3>
    Horizontal
  </h3>
  <CdsFormGroup
    layout="horizontal"
  >
    <CdsFormGroup
      l={null}
      layout="horizontal"
    >
      <cds-form-group
        l={null}
      >
        <CdsTextarea
          layout="horizontal"
        >
          <CdsTextarea
            l={null}
            layout="horizontal"
          >
            <cds-textarea
              l={null}
              layout="horizontal"
            >
              <label>
                label
              </label>
              <textarea />
              <CdsControlMessage>
                <CdsControlMessage
                  l={null}
                >
                  <cds-control-message
                    l={null}
                  >
                    message text
                  </cds-control-message>
                </CdsControlMessage>
              </CdsControlMessage>
            </cds-textarea>
          </CdsTextarea>
        </CdsTextarea>
        <CdsTextarea
          layout="horizontal"
          status="error"
        >
          <CdsTextarea
            l={null}
            layout="horizontal"
            status="error"
          >
            <cds-textarea
              l={null}
              layout="horizontal"
            >
              <label>
                error status
              </label>
              <textarea />
              <CdsControlMessage
                status="error"
              >
                <CdsControlMessage
                  l={null}
                  status="error"
                >
                  <cds-control-message
                    l={null}
                  >
                    error message
                  </cds-control-message>
                </CdsControlMessage>
              </CdsControlMessage>
            </cds-textarea>
          </CdsTextarea>
        </CdsTextarea>
        <CdsTextarea
          layout="horizontal"
          status="success"
        >
          <CdsTextarea
            l={null}
            layout="horizontal"
            status="success"
          >
            <cds-textarea
              l={null}
              layout="horizontal"
            >
              <label>
                success status
              </label>
              <textarea />
              <CdsControlMessage
                status="success"
              >
                <CdsControlMessage
                  l={null}
                  status="success"
                >
                  <cds-control-message
                    l={null}
                  >
                    success message
                  </cds-control-message>
                </CdsControlMessage>
              </CdsControlMessage>
            </cds-textarea>
          </CdsTextarea>
        </CdsTextarea>
      </cds-form-group>
    </CdsFormGroup>
  </CdsFormGroup>
</div>
`;
