// Jest Snapshot v1, https://goo.gl/fbAQLP

exports[`CdsSignpost snapshot 1`] = `
<div>
  <cds-signpost
    aria-modal="true"
    cds-layer="0"
    role="region"
  >
    <cds-internal-pointer
      aria-hidden="true"
    />
  </cds-signpost>
  <div
    style="height: 140px; margin-top: 24px;"
  >
    <cds-signpost
      aria-modal="true"
      cds-layer="1"
      role="dialog"
    >
      1
      <cds-internal-pointer
        aria-hidden="true"
      />
    </cds-signpost>
  </div>
</div>
`;
