// Jest Snapshot v1, https://goo.gl/fbAQLP

exports[`CdsInternalOverlay snapshot 1`] = `
<div>
  <cds-internal-overlay
    aria-modal="true"
    cds-layer="0"
    role="dialog"
  >
    Internal Overlay
  </cds-internal-overlay>
</div>
`;
