// Jest Snapshot v1, https://goo.gl/fbAQLP

exports[`CdsInput snapshot 1`] = `
<div>
  <cds-input-group
    cds-control-group=""
    role="group"
  >
    <cds-input
      cds-control=""
    >
      <label>
        label
      </label>
      <input
        placeholder="name"
      />
    </cds-input>
    <cds-input
      cds-control=""
    >
      <label>
        disabled
      </label>
      <input
        disabled=""
        placeholder="name"
      />
    </cds-input>
  </cds-input-group>
</div>
`;
