// Jest Snapshot v1, https://goo.gl/fbAQLP

exports[`CdsTime snapshot 1`] = `
<div>
  <CdsTime
    control-width="shrink"
  >
    <CdsTime
      control-width="shrink"
      l={null}
    >
      <cds-time
        control-width="shrink"
        l={null}
      >
        <label>
          Time input
        </label>
        <input
          defaultValue="11:00"
          max="18:00"
          min="09:00"
          type="time"
        />
        <CdsControlMessage>
          <CdsControlMessage
            l={null}
          >
            <cds-control-message
              l={null}
            >
              message text
            </cds-control-message>
          </CdsControlMessage>
        </CdsControlMessage>
      </cds-time>
    </CdsTime>
  </CdsTime>
</div>
`;
