// Jest Snapshot v1, https://goo.gl/fbAQLP

exports[`CdsIcon snapshot 1`] = `
<div>
  <cds-icon />
  <cds-icon />
  <cds-icon />
  <cds-icon />
  <cds-icon />
</div>
`;
