// Jest Snapshot v1, https://goo.gl/fbAQLP

exports[`CdsGrid snapshot 1`] = `
<div>
  <div>
    <cds-grid
      aria-label="basic datagrid demo"
    >
      <cds-grid-column
        slot="columns"
      >
        Type
      </cds-grid-column>
      <cds-grid-column
        slot="columns"
      >
        Description
      </cds-grid-column>
      <cds-grid-column
        slot="columns"
      >
        Amount
      </cds-grid-column>
      <cds-grid-column
        slot="columns"
      >
        Balance
      </cds-grid-column>
      <cds-grid-row>
        <cds-grid-cell>
          Deposit
        </cds-grid-cell>
        <cds-grid-cell>
          Item
        </cds-grid-cell>
        <cds-grid-cell>
          $1,000,000.00
        </cds-grid-cell>
        <cds-grid-cell>
          $1,000,000.00
        </cds-grid-cell>
      </cds-grid-row>
      <cds-grid-row>
        <cds-grid-cell>
          Credit
        </cds-grid-cell>
        <cds-grid-cell>
          Billing
        </cds-grid-cell>
        <cds-grid-cell>
          $250.00
        </cds-grid-cell>
        <cds-grid-cell>
          $523,750.00
        </cds-grid-cell>
      </cds-grid-row>
      <cds-grid-footer
        slot="footer"
      />
    </cds-grid>
  </div>
</div>
`;
