// Jest Snapshot v1, https://goo.gl/fbAQLP

exports[`CdsPassword snapshot 1`] = `
<div>
  <cds-password
    cds-control=""
  >
    <label>
      label
    </label>
    <input
      type="password"
      value="123456"
    />
  </cds-password>
</div>
`;
