// Jest Snapshot v1, https://goo.gl/fbAQLP

exports[`CdsDropdown snapshot 1`] = `
<div>
  <div>
    <cds-dropdown
      aria-modal="true"
      cds-layer="0"
      role="region"
    />
    <div
      style="height: 140px; margin-top: 24px;"
    >
      <cds-dropdown
        aria-modal="true"
        cds-layer="1"
        role="dialog"
      >
        1
      </cds-dropdown>
    </div>
  </div>
</div>
`;
