// Jest Snapshot v1, https://goo.gl/fbAQLP

exports[`CdsSearch snapshot 1`] = `
<div>
  <h3>
    Vertical
  </h3>
  <CdsFormGroup
    layout="vertical"
  >
    <CdsFormGroup
      l={null}
      layout="vertical"
    >
      <cds-form-group
        l={null}
      >
        <CdsSearch>
          <CdsSearch
            l={null}
          >
            <cds-search
              l={null}
            >
              <label>
                label
              </label>
              <input
                type="search"
              />
              <CdsControlMessage>
                <CdsControlMessage
                  l={null}
                >
                  <cds-control-message
                    l={null}
                  >
                    message text
                  </cds-control-message>
                </CdsControlMessage>
              </CdsControlMessage>
            </cds-search>
          </CdsSearch>
        </CdsSearch>
        <CdsSearch
          status="error"
        >
          <CdsSearch
            l={null}
            status="error"
          >
            <cds-search
              l={null}
            >
              <label>
                error
              </label>
              <input
                type="search"
              />
              <CdsControlMessage
                status="error"
              >
                <CdsControlMessage
                  l={null}
                  status="error"
                >
                  <cds-control-message
                    l={null}
                  >
                    error message
                  </cds-control-message>
                </CdsControlMessage>
              </CdsControlMessage>
            </cds-search>
          </CdsSearch>
        </CdsSearch>
        <CdsSearch
          status="success"
        >
          <CdsSearch
            l={null}
            status="success"
          >
            <cds-search
              l={null}
            >
              <label>
                success
              </label>
              <input
                type="search"
              />
              <CdsControlMessage
                status="success"
              >
                <CdsControlMessage
                  l={null}
                  status="success"
                >
                  <cds-control-message
                    l={null}
                  >
                    success message
                  </cds-control-message>
                </CdsControlMessage>
              </CdsControlMessage>
            </cds-search>
          </CdsSearch>
        </CdsSearch>
      </cds-form-group>
    </CdsFormGroup>
  </CdsFormGroup>
  <h3>
    Horizontal
  </h3>
  <CdsFormGroup
    layout="horizontal"
  >
    <CdsFormGroup
      l={null}
      layout="horizontal"
    >
      <cds-form-group
        l={null}
      >
        <CdsSearch
          layout="horizontal"
        >
          <CdsSearch
            l={null}
            layout="horizontal"
          >
            <cds-search
              l={null}
              layout="horizontal"
            >
              <label>
                label
              </label>
              <input
                type="search"
              />
              <CdsControlMessage>
                <CdsControlMessage
                  l={null}
                >
                  <cds-control-message
                    l={null}
                  >
                    message text
                  </cds-control-message>
                </CdsControlMessage>
              </CdsControlMessage>
            </cds-search>
          </CdsSearch>
        </CdsSearch>
        <CdsSearch
          layout="horizontal"
          status="error"
        >
          <CdsSearch
            l={null}
            layout="horizontal"
            status="error"
          >
            <cds-search
              l={null}
              layout="horizontal"
            >
              <label>
                error
              </label>
              <input
                type="search"
              />
              <CdsControlMessage
                status="error"
              >
                <CdsControlMessage
                  l={null}
                  status="error"
                >
                  <cds-control-message
                    l={null}
                  >
                    error message
                  </cds-control-message>
                </CdsControlMessage>
              </CdsControlMessage>
            </cds-search>
          </CdsSearch>
        </CdsSearch>
        <CdsSearch
          layout="horizontal"
          status="success"
        >
          <CdsSearch
            l={null}
            layout="horizontal"
            status="success"
          >
            <cds-search
              l={null}
              layout="horizontal"
            >
              <label>
                success
              </label>
              <input
                type="search"
              />
              <CdsControlMessage
                status="success"
              >
                <CdsControlMessage
                  l={null}
                  status="success"
                >
                  <cds-control-message
                    l={null}
                  >
                    success message
                  </cds-control-message>
                </CdsControlMessage>
              </CdsControlMessage>
            </cds-search>
          </CdsSearch>
        </CdsSearch>
      </cds-form-group>
    </CdsFormGroup>
  </CdsFormGroup>
  <h3>
    Compact
  </h3>
  <CdsFormGroup
    layout="compact"
  >
    <CdsFormGroup
      l={null}
      layout="compact"
    >
      <cds-form-group
        l={null}
      >
        <CdsSearch
          layout="compact"
        >
          <CdsSearch
            l={null}
            layout="compact"
          >
            <cds-search
              l={null}
              layout="compact"
            >
              <label>
                label
              </label>
              <input
                type="search"
              />
              <CdsControlMessage>
                <CdsControlMessage
                  l={null}
                >
                  <cds-control-message
                    l={null}
                  >
                    message text
                  </cds-control-message>
                </CdsControlMessage>
              </CdsControlMessage>
            </cds-search>
          </CdsSearch>
        </CdsSearch>
        <CdsSearch
          layout="compact"
          status="error"
        >
          <CdsSearch
            l={null}
            layout="compact"
            status="error"
          >
            <cds-search
              l={null}
              layout="compact"
            >
              <label>
                error
              </label>
              <input
                type="search"
              />
              <CdsControlMessage
                status="error"
              >
                <CdsControlMessage
                  l={null}
                  status="error"
                >
                  <cds-control-message
                    l={null}
                  >
                    error message
                  </cds-control-message>
                </CdsControlMessage>
              </CdsControlMessage>
            </cds-search>
          </CdsSearch>
        </CdsSearch>
        <CdsSearch
          layout="compact"
          status="success"
        >
          <CdsSearch
            l={null}
            layout="compact"
            status="success"
          >
            <cds-search
              l={null}
              layout="compact"
            >
              <label>
                success
              </label>
              <input
                type="search"
              />
              <CdsControlMessage
                status="success"
              >
                <CdsControlMessage
                  l={null}
                  status="success"
                >
                  <cds-control-message
                    l={null}
                  >
                    success message
                  </cds-control-message>
                </CdsControlMessage>
              </CdsControlMessage>
            </cds-search>
          </CdsSearch>
        </CdsSearch>
      </cds-form-group>
    </CdsFormGroup>
  </CdsFormGroup>
</div>
`;
